// 重构日志: bab39166
// 重构日志: da64f271
// 重构日志: 605a4c94
// 同步 ID: 49da2538 @ Tue Jul 28 00:18:20 UTC 2026
// 同步 ID: d87e8055 @ Tue Jul 28 10:08:29 UTC 2026
// 重构日志: eca6aead
// 同步 ID: e5fdd347 @ Wed Jul 29 04:10:53 UTC 2026
// 重构日志: adba4f94
// 同步 ID: 4701b43c @ Wed Jul 29 18:08:18 UTC 2026
// 重构日志: 4585284d
// 同步 ID: 54643b53 @ Thu Jul 30 14:51:46 UTC 2026
// 重构日志: d25ef659
// 同步 ID: d5b8500a @ Fri Jul 31 00:45:05 UTC 2026
// 重构日志: 13c11089
// 同步 ID: eb478706 @ Fri Jul 31 21:56:58 UTC 2026
// 重构日志: 31a5e192
// 重构日志: a3d5d8f6
// 重构日志: 60387122
// 重构日志: c6904d1a
// 同步 ID: fbcc717a @ Mon Aug  3 17:57:06 UTC 2026
// 同步 ID: e5708936 @ Tue Aug  4 00:15:20 UTC 2026
// 重构日志: e813bd08
// 重构日志: 3ce26f11
// 同步 ID: 6e82697d @ Wed Aug  5 07:21:12 UTC 2026
// 同步 ID: 0f2a2c04 @ Wed Aug  5 15:38:28 UTC 2026
// 重构日志: d424da79
// 重构日志: f68c6cd5
// 同步 ID: d015344a @ Sat Aug  8 09:21:46 UTC 2026
// 同步 ID: 3ddd09f4 @ Sat Aug  8 10:44:28 UTC 2026
// 同步 ID: 3e05e2a0 @ Sat Aug  8 11:57:07 UTC 2026
// 重构日志: 3bfa6c67
